========================================
Monitor check: Wed May 13 14:24:55 WAT 2026
✅ API: OK
✅ Database: healthy
✅ Redis: healthy
✅ Error count: 0 (last 100 lines)
✅ Disk usage: 1%
Check complete.
========================================
Monitor check: Wed May 13 14:25:05 WAT 2026
✅ API: OK
✅ Database: healthy
✅ Redis: healthy
✅ Error count: 0 (last 100 lines)
✅ Disk usage: 1%
Check complete.
========================================
Monitor check: Wed May 13 14:30:05 WAT 2026
✅ API: OK
✅ Database: healthy
✅ Redis: healthy
✅ Error count: 0 (last 100 lines)
✅ Disk usage: 1%
Check complete.
========================================
Monitor check: Wed May 13 14:35:04 WAT 2026
✅ API: OK
✅ Database: healthy
✅ Redis: healthy
✅ Error count: 0 (last 100 lines)
✅ Disk usage: 1%
Check complete.
========================================
Monitor check: Wed May 13 14:40:03 WAT 2026
✅ API: OK
✅ Database: healthy
✅ Redis: healthy
✅ Error count: 0 (last 100 lines)
✅ Disk usage: 1%
Check complete.
========================================
Monitor check: Wed May 13 14:45:04 WAT 2026
✅ API: OK
✅ Database: healthy
✅ Redis: healthy
✅ Error count: 0 (last 100 lines)
✅ Disk usage: 1%
Check complete.
========================================
Monitor check: Wed May 13 14:50:03 WAT 2026
✅ API: OK
✅ Database: healthy
✅ Redis: healthy
✅ Error count: 0 (last 100 lines)
✅ Disk usage: 1%
Check complete.
========================================
Monitor check: Wed May 13 14:55:04 WAT 2026
✅ API: OK
✅ Database: healthy
✅ Redis: healthy
✅ Error count: 0 (last 100 lines)
✅ Disk usage: 1%
Check complete.
========================================
Monitor check: Wed May 13 15:00:05 WAT 2026
✅ API: OK
✅ Database: healthy
✅ Redis: healthy
✅ Error count: 0 (last 100 lines)
✅ Disk usage: 1%
Check complete.
========================================
Monitor check: Wed May 13 15:05:05 WAT 2026
✅ API: OK
✅ Database: healthy
✅ Redis: healthy
✅ Error count: 0 (last 100 lines)
✅ Disk usage: 1%
Check complete.
========================================
Monitor check: Wed May 13 15:10:05 WAT 2026
✅ API: OK
✅ Database: healthy
✅ Redis: healthy
✅ Error count: 0 (last 100 lines)
✅ Disk usage: 1%
Check complete.
========================================
Monitor check: Wed May 13 15:15:05 WAT 2026
✅ API: OK
✅ Database: healthy
✅ Redis: healthy
✅ Error count: 0 (last 100 lines)
✅ Disk usage: 1%
Check complete.
========================================
Monitor check: Wed May 13 15:20:05 WAT 2026
✅ API: OK
✅ Database: healthy
✅ Redis: healthy
✅ Error count: 0 (last 100 lines)
✅ Disk usage: 1%
Check complete.
========================================
Monitor check: Wed May 13 15:25:05 WAT 2026
✅ API: OK
✅ Database: healthy
✅ Redis: healthy
✅ Error count: 0 (last 100 lines)
✅ Disk usage: 1%
Check complete.
========================================
Monitor check: Wed May 13 15:30:05 WAT 2026
✅ API: OK
✅ Database: healthy
✅ Redis: healthy
✅ Error count: 0 (last 100 lines)
✅ Disk usage: 1%
Check complete.
========================================
Monitor check: Wed May 13 15:35:05 WAT 2026
✅ API: OK
✅ Database: healthy
✅ Redis: healthy
✅ Error count: 0 (last 100 lines)
✅ Disk usage: 1%
Check complete.
========================================
Monitor check: Wed May 13 15:40:05 WAT 2026
✅ API: OK
✅ Database: healthy
✅ Redis: healthy
✅ Error count: 0 (last 100 lines)
✅ Disk usage: 1%
Check complete.
========================================
Monitor check: Wed May 13 15:45:04 WAT 2026
✅ API: OK
✅ Database: healthy
✅ Redis: healthy
✅ Error count: 0 (last 100 lines)
✅ Disk usage: 1%
Check complete.
========================================
Monitor check: Wed May 13 15:50:06 WAT 2026
✅ API: OK
✅ Database: healthy
✅ Redis: healthy
✅ Error count: 0 (last 100 lines)
✅ Disk usage: 1%
Check complete.
========================================
Monitor check: Wed May 13 15:55:06 WAT 2026
✅ API: OK
✅ Database: healthy
✅ Redis: healthy
✅ Error count: 0 (last 100 lines)
✅ Disk usage: 1%
Check complete.
========================================
Monitor check: Wed May 13 16:00:04 WAT 2026
✅ API: OK
✅ Database: healthy
✅ Redis: healthy
✅ Error count: 0 (last 100 lines)
✅ Disk usage: 1%
Check complete.
========================================
Monitor check: Wed May 13 16:05:03 WAT 2026
✅ API: OK
✅ Database: healthy
✅ Redis: healthy
✅ Error count: 0 (last 100 lines)
✅ Disk usage: 1%
Check complete.
========================================
Monitor check: Wed May 13 16:10:02 WAT 2026
✅ API: OK
✅ Database: healthy
✅ Redis: healthy
✅ Error count: 0 (last 100 lines)
✅ Disk usage: 1%
Check complete.
========================================
Monitor check: Wed May 13 16:15:01 WAT 2026
✅ API: OK
✅ Database: healthy
✅ Redis: healthy
✅ Error count: 0 (last 100 lines)
✅ Disk usage: 1%
Check complete.
========================================
Monitor check: Wed May 13 16:20:01 WAT 2026
✅ API: OK
✅ Database: healthy
✅ Redis: healthy
✅ Error count: 0 (last 100 lines)
✅ Disk usage: 1%
Check complete.
========================================
Monitor check: Wed May 13 16:25:01 WAT 2026
✅ API: OK
✅ Database: healthy
✅ Redis: healthy
✅ Error count: 0 (last 100 lines)
✅ Disk usage: 1%
Check complete.
========================================
Monitor check: Wed May 13 16:30:01 WAT 2026
✅ API: OK
✅ Database: healthy
✅ Redis: healthy
✅ Error count: 0 (last 100 lines)
✅ Disk usage: 1%
Check complete.
========================================
Monitor check: Wed May 13 16:35:02 WAT 2026
✅ API: OK
✅ Database: healthy
✅ Redis: healthy
✅ Error count: 0 (last 100 lines)
✅ Disk usage: 1%
Check complete.
========================================
Monitor check: Wed May 13 16:40:01 WAT 2026
✅ API: OK
✅ Database: healthy
✅ Redis: healthy
✅ Error count: 0 (last 100 lines)
✅ Disk usage: 1%
Check complete.
========================================
Monitor check: Wed May 13 16:45:01 WAT 2026
✅ API: OK
✅ Database: healthy
✅ Redis: healthy
✅ Error count: 0 (last 100 lines)
✅ Disk usage: 1%
Check complete.
========================================
Monitor check: Wed May 13 16:50:01 WAT 2026
✅ API: OK
✅ Database: healthy
✅ Redis: healthy
✅ Error count: 0 (last 100 lines)
✅ Disk usage: 1%
Check complete.
========================================
Monitor check: Wed May 13 16:55:01 WAT 2026
✅ API: OK
✅ Database: healthy
✅ Redis: healthy
✅ Error count: 0 (last 100 lines)
✅ Disk usage: 1%
Check complete.
========================================
Monitor check: Wed May 13 17:00:01 WAT 2026
✅ API: OK
✅ Database: healthy
✅ Redis: healthy
✅ Error count: 0 (last 100 lines)
✅ Disk usage: 1%
Check complete.
========================================
Monitor check: Wed May 13 17:05:01 WAT 2026
✅ API: OK
✅ Database: healthy
✅ Redis: healthy
✅ Error count: 0 (last 100 lines)
✅ Disk usage: 1%
Check complete.
========================================
Monitor check: Wed May 13 17:10:01 WAT 2026
✅ API: OK
✅ Database: healthy
✅ Redis: healthy
✅ Error count: 0 (last 100 lines)
✅ Disk usage: 1%
Check complete.
========================================
Monitor check: Wed May 13 17:15:01 WAT 2026
✅ API: OK
✅ Database: healthy
✅ Redis: healthy
✅ Error count: 0 (last 100 lines)
✅ Disk usage: 1%
Check complete.
========================================
Monitor check: Wed May 13 17:20:01 WAT 2026
✅ API: OK
✅ Database: healthy
✅ Redis: healthy
✅ Error count: 0 (last 100 lines)
✅ Disk usage: 1%
Check complete.
========================================
Monitor check: Wed May 13 17:25:01 WAT 2026
✅ API: OK
✅ Database: healthy
✅ Redis: healthy
✅ Error count: 0 (last 100 lines)
✅ Disk usage: 1%
Check complete.
========================================
Monitor check: Wed May 13 17:30:02 WAT 2026
✅ API: OK
✅ Database: healthy
✅ Redis: healthy
✅ Error count: 0 (last 100 lines)
✅ Disk usage: 1%
Check complete.
========================================
Monitor check: Wed May 13 17:35:01 WAT 2026
✅ API: OK
✅ Database: healthy
✅ Redis: healthy
✅ Error count: 0 (last 100 lines)
✅ Disk usage: 1%
Check complete.
========================================
Monitor check: Wed May 13 17:40:01 WAT 2026
✅ API: OK
✅ Database: healthy
✅ Redis: healthy
✅ Error count: 0 (last 100 lines)
✅ Disk usage: 1%
Check complete.
========================================
Monitor check: Wed May 13 17:45:01 WAT 2026
✅ API: OK
✅ Database: healthy
✅ Redis: healthy
✅ Error count: 0 (last 100 lines)
✅ Disk usage: 1%
Check complete.
========================================
Monitor check: Thu May 14 11:00:01 WAT 2026
🚨 ALERT: API is DOWN (status: 000)
🚨 ALERT: Database is 
🚨 ALERT: Redis is 
✅ Error count: 0 (last 100 lines)
✅ Disk usage: 1%
Check complete.
========================================
Monitor check: Thu May 14 11:05:01 WAT 2026
🚨 ALERT: API is DOWN (status: 000)
🚨 ALERT: Database is 
🚨 ALERT: Redis is 
✅ Error count: 0 (last 100 lines)
✅ Disk usage: 1%
Check complete.
========================================
Monitor check: Thu May 14 11:10:01 WAT 2026
🚨 ALERT: API is DOWN (status: 000)
🚨 ALERT: Database is 
🚨 ALERT: Redis is 
✅ Error count: 0 (last 100 lines)
✅ Disk usage: 1%
Check complete.
========================================
Monitor check: Thu May 14 11:15:01 WAT 2026
🚨 ALERT: API is DOWN (status: 000)
🚨 ALERT: Database is 
🚨 ALERT: Redis is 
✅ Error count: 0 (last 100 lines)
✅ Disk usage: 1%
Check complete.
